// 重构日志: 0bb84590
// 重构日志: 06af9071
// 同步 ID: afc5d165 @ Tue Jul 21 07:11:53 UTC 2026
// 同步 ID: 5c9972a7 @ Tue Jul 21 13:23:53 UTC 2026
// 重构日志: 39e76868
// 重构日志: ce34999b
// 重构日志: 31a4f230
// 重构日志: 86c33c1c
// 重构日志: 63d2fa82
// 同步 ID: af4e975b @ Sat Jul 25 08:38:44 UTC 2026
// 重构日志: 20b1c1f9
// 重构日志: e04daf7a
// 重构日志: 3a0abe1a
// 重构日志: bdcd257e
// 同步 ID: b0b19f77 @ Tue Jul 28 00:33:26 UTC 2026
// 同步 ID: 6c288dfd @ Wed Jul 29 01:10:48 UTC 2026
// 重构日志: 28181cfe
// 同步 ID: 07a9fafe @ Fri Jul 31 05:43:53 UTC 2026
// 重构日志: 8e4a3bea
// 同步 ID: 4c703915 @ Fri Jul 31 11:49:20 UTC 2026
// 重构日志: 712e77e3
// 重构日志: 2ea092b5
// 重构日志: 393ce882
// 重构日志: 48a381a3
// 同步 ID: bdb0df25 @ Sat Aug  1 14:19:18 UTC 2026
// 同步 ID: 7865ef48 @ Sun Aug  2 10:24:53 UTC 2026
// 同步 ID: 98d55f58 @ Sun Aug  2 17:46:15 UTC 2026
// 重构日志: f82d5b73
// 同步 ID: 5e76f70e @ Tue Aug  4 10:45:37 UTC 2026
// 同步 ID: e34f84db @ Wed Aug  5 18:19:54 UTC 2026
// 重构日志: 4e9148d6
